<Sentence id="1">
0	'	unk
1	सुभाष	unk
2	'	unk
3	ने	unk
4	कहा	unk
5	-	unk
6	"	unk
7	तुम	unk
8	मुझे	unk
9	खून	unk
10	दो	unk
11	,	unk
12	मैं	unk
13	तुम्हें	unk
14	आजादी	unk
15	दूंगा	unk
16	।	unk
17	"	unk
</Sentence>

<Sentence id="2">
0	रमेश	unk
1	कुमार	unk
2	कक्षा	unk
3	११वीं	unk
4	का	unk
5	छात्र	unk
6	है	unk
7	.	unk
</Sentence>

<Sentence id="3">
0	"	unk
1	सुभाष	unk
2	"	unk
3	ने	unk
4	कहा	unk
5	-	unk
6	'	unk
7	तुम	unk
8	मुझे	unk
9	खून	unk
10	दो	unk
11	,	unk
12	मैं	unk
13	तुम्हें	unk
14	आजादी	unk
15	दूंगा	unk
16	।	unk
17	'	unk
</Sentence>

<Sentence id="4">
0	'	unk
1	सुभाष	unk
2	'	unk
3	ने	unk
4	कहा	unk
5	-	unk
6	"	unk
7	तुम	unk
8	मुझे	unk
9	खून	unk
10	दो	unk
11	,	unk
12	मैं	unk
13	तुम्हें	unk
14	आजादी	unk
15	दूंगा	unk
16	?	unk
17	"	unk
</Sentence>

<Sentence id="5">
0	रमेश	unk
1	कुमार	unk
2	कक्षा	unk
3	११वीं	unk
4	का	unk
5	छात्र	unk
6	है	unk
7	.	unk
</Sentence>

<Sentence id="6">
0	"	unk
1	सुभाष	unk
2	"	unk
3	ने	unk
4	कहा	unk
5	-	unk
6	'	unk
7	तुम	unk
8	मुझे	unk
9	खून	unk
10	दो	unk
11	,	unk
12	मैं	unk
13	तुम्हें	unk
14	आजादी	unk
15	दूंगा	unk
16	?	unk
17	'	unk
</Sentence>

<Sentence id="7">
0	'	unk
1	सुभाष	unk
2	'	unk
3	ने	unk
4	कहा	unk
5	-	unk
6	"	unk
7	तुम	unk
8	मुझे	unk
9	खून	unk
10	दो	unk
11	,	unk
12	मैं	unk
13	तुम्हें	unk
14	आजादी	unk
15	दूंगा	unk
16	.	unk
</Sentence>

<Sentence id="8">
0	"	unk
1	रमेश	unk
2	कुमार	unk
3	कक्षा	unk
4	११वीं	unk
5	का	unk
6	छात्र	unk
7	है	unk
8	.	unk
</Sentence>

<Sentence id="9">
0	"	unk
1	सुभाष	unk
2	"	unk
3	ने	unk
4	कहा	unk
5	-	unk
6	"	unk
7	तुम	unk
8	मुझे	unk
9	खून	unk
10	दो	unk
11	,	unk
12	मैं	unk
13	तुम्हें	unk
14	आजादी	unk
15	दूंगा	unk
16	.	unk
</Sentence>

<Sentence id="10">
0	"	unk
</Sentence>

